// Jest Snapshot v1, https://goo.gl/fbAQLP

exports[`Test in GifItem component should match snapshot 1`] = `
<div>
  <div
    class="card"
  >
    <img
      alt=""
      src=""
    />
    <p />
  </div>
</div>
`;
